main.cpp:125:5:int main()	64	static
main.cpp:230:6:void SystemClock_Config()	216	static
main.cpp:311:13:void MX_ADC3_Init()	24	static
main.cpp:361:13:void MX_CRC_Init()	8	static
main.cpp:392:13:void MX_DCMI_Init()	8	static
main.cpp:429:13:void MX_I2C1_Init()	8	static
main.cpp:475:13:void MX_I2C3_Init()	8	static
main.cpp:521:13:void MX_QUADSPI_Init()	8	static
main.cpp:560:13:void MX_RTC_Init()	80	static
main.cpp:650:13:void MX_SAI2_Init()	8	static
main.cpp:725:13:void MX_SDMMC1_SD_Init()	4	static
main.cpp:753:13:void MX_SPDIFRX_Init()	8	static
main.cpp:789:13:void MX_SPI2_Init()	8	static
main.cpp:829:13:void MX_TIM2_Init()	64	static
main.cpp:888:13:void MX_TIM3_Init()	64	static
main.cpp:947:13:void MX_TIM5_Init()	64	static
main.cpp:1006:13:void MX_TIM8_Init()	40	static
main.cpp:1053:13:void MX_TIM12_Init()	40	static
main.cpp:1095:13:void MX_USART1_UART_Init()	8	static
main.cpp:1130:13:void MX_GPIO_Init()	72	static
main.cpp:1327:6:void StartDefaultTask(const void*)	16	static
main.cpp:1346:6:void HAL_UART_RxCpltCallback(UART_HandleTypeDef*)	24	static
main.cpp:1379:6:void HAL_TIM_PeriodElapsedCallback(TIM_HandleTypeDef*)	16	static
main.cpp:1396:6:void Error_Handler()	4	static
