stm32f7xx_hal_msp.c:66:6:HAL_MspInit	16	static
stm32f7xx_hal_msp.c:90:6:HAL_ADC_MspInit	48	static
stm32f7xx_hal_msp.c:135:6:HAL_ADC_MspDeInit	16	static
stm32f7xx_hal_msp.c:171:6:HAL_CRC_MspInit	24	static
stm32f7xx_hal_msp.c:193:6:HAL_CRC_MspDeInit	16	static
stm32f7xx_hal_msp.c:215:6:HAL_DCMI_MspInit	64	static
stm32f7xx_hal_msp.c:293:6:HAL_DCMI_MspDeInit	16	static
stm32f7xx_hal_msp.c:340:6:HAL_I2C_MspInit	56	static
stm32f7xx_hal_msp.c:400:6:HAL_I2C_MspDeInit	16	static
stm32f7xx_hal_msp.c:447:6:HAL_QSPI_MspInit	56	static
stm32f7xx_hal_msp.c:510:6:HAL_QSPI_MspDeInit	16	static
stm32f7xx_hal_msp.c:547:6:HAL_RTC_MspInit	16	static
stm32f7xx_hal_msp.c:569:6:HAL_RTC_MspDeInit	16	static
stm32f7xx_hal_msp.c:591:6:HAL_SD_MspInit	48	static
stm32f7xx_hal_msp.c:640:6:HAL_SD_MspDeInit	16	static
stm32f7xx_hal_msp.c:676:6:HAL_SPDIFRX_MspInit	48	static
stm32f7xx_hal_msp.c:711:6:HAL_SPDIFRX_MspDeInit	16	static
stm32f7xx_hal_msp.c:739:6:HAL_SPI_MspInit	48	static
stm32f7xx_hal_msp.c:784:6:HAL_SPI_MspDeInit	16	static
stm32f7xx_hal_msp.c:816:6:HAL_TIM_Base_MspInit	40	static
stm32f7xx_hal_msp.c:882:6:HAL_TIM_PWM_MspInit	24	static
stm32f7xx_hal_msp.c:898:6:HAL_TIM_MspPostInit	56	static
stm32f7xx_hal_msp.c:1013:6:HAL_TIM_Base_MspDeInit	16	static
stm32f7xx_hal_msp.c:1079:6:HAL_TIM_PWM_MspDeInit	16	static
stm32f7xx_hal_msp.c:1101:6:HAL_UART_MspInit	48	static
stm32f7xx_hal_msp.c:1148:6:HAL_UART_MspDeInit	16	static
stm32f7xx_hal_msp.c:1177:6:HAL_SAI_MspInit	48	static
stm32f7xx_hal_msp.c:1227:6:HAL_SAI_MspDeInit	16	static
